Restore Archived Project report for eastwood
Mon Jul 06 13:37:00 2009
Quartus II Version 9.0 Build 184 04/29/2009 Service Pack 1 SJ Web Edition


---------------------
; Table of Contents ;
---------------------
  1. Legal Notice
  2. Restore Archived Project Summary
  3. Restore Archived Project Messages
  4. Files Restored
  5. Files Not Restored



----------------
; Legal Notice ;
----------------
Copyright (C) 1991-2009 Altera Corporation
Your use of Altera Corporation's design tools, logic functions 
and other software and tools, and its AMPP partner logic 
functions, and any output files from any of the foregoing 
(including device programming or simulation files), and any 
associated documentation or information are expressly subject 
to the terms and conditions of the Altera Program License 
Subscription Agreement, Altera MegaCore Function License 
Agreement, or other applicable license agreement, including, 
without limitation, that your use is for the sole purpose of 
programming logic devices manufactured by Altera and sold by 
Altera or its authorized distributors.  Please refer to the 
applicable agreement for further details.



+-------------------------------------------------------------------------+
; Restore Archived Project Summary                                        ;
+---------------------------------+---------------------------------------+
; Restore Archived Project Status ; Successful - Mon Jul 06 13:37:00 2009 ;
; Revision Name                   ; eastwood                              ;
; Top-level Entity Name           ; blondie                               ;
; Family                          ; Cyclone III                           ;
+---------------------------------+---------------------------------------+


+-----------------------------------+
; Restore Archived Project Messages ;
+-----------------------------------+
Info: Successfully restored 'C:/Documents and Settings/ofc95724/Desktop/eastwood-20090701.qar' into the 'C:/Documents and Settings/ofc95724/Desktop/eastwood-20090701_restored/' directory
Info: Generated report 'eastwood.restore.rpt'
Info: Evaluation of Tcl script c:/altera/90sp1/quartus/common/tcl/apps/qpm/qar.tcl was successful
Info: Quartus II Shell was successful. 0 errors, 0 warnings
    Info: Peak virtual memory: 99 megabytes
    Info: Processing ended: Mon Jul 06 13:37:01 2009
    Info: Elapsed time: 00:00:04
    Info: Total CPU time (on all processors): 00:00:01


+----------------------------+
; Files Restored             ;
+----------------------------+
; File Name                  ;
+----------------------------+
; adc_fifo.cmp               ;
; adc_fifo.qip               ;
; adc_fifo.vhd               ;
; blondie.vhd                ;
; control_slave_fsm.vhd      ;
; control_spi_slave.vhd      ;
; control_spi_slave_test.vwf ;
; dac_fifo.cmp               ;
; dac_fifo.qip               ;
; dac_fifo.vhd               ;
; data_slave_fsm.vhd         ;
; data_spi_slave.vhd         ;
; data_spi_slave_test.vwf    ;
; db/eastwood.sim.cvwf       ;
; decim.vhd                  ;
; eastwood.dpf               ;
; eastwood.qpf               ;
; eastwood.qsf               ;
; eastwood.sdc               ;
; eastwood.vhd               ;
; harry.vhd                  ;
; interp.vhd                 ;
; register_file.vhd          ;
; rx_fifo.cmp                ;
; rx_fifo.qip                ;
; rx_fifo.vhd                ;
; shiftreg12.cmp             ;
; shiftreg12.qip             ;
; shiftreg12.vhd             ;
; shiftreg14.cmp             ;
; shiftreg14.qip             ;
; shiftreg14.vhd             ;
; shiftreg8.cmp              ;
; shiftreg8.qip              ;
; shiftreg8.vhd              ;
; tx_fifo.cmp                ;
; tx_fifo.qip                ;
; tx_fifo.vhd                ;
; xmastree.vhd               ;
; assignment_defaults.qdf    ;
+----------------------------+


+--------------------+
; Files Not Restored ;
+--------------------+
; File Name          ;
+--------------------+


